---
source: crates/zizmor/tests/integration/snapshot.rs
expression: "zizmor().input(input_under_test(\"self-hosted/self-hosted-matrix-dimension.yml\")).args([\"--persona=auditor\"]).run()?"
---
note[self-hosted-runner]: runs on a self-hosted runner
  --> @@INPUT@@:13:5
   |
11 |       runs-on: ${{ matrix.os }}
   |       ------------------------- note: expression may expand into a self-hosted runner
12 |
13 | /     strategy:
14 | |       matrix:
15 | |         os: [self-hosted, ubuntu-latest]
   | |________________________________________- note: matrix declares self-hosted runner
   |
   = note: audit confidence â†’ High

1 finding: 1 unknown, 0 informational, 0 low, 0 medium, 0 high
