---
source: crates/zizmor/tests/integration/snapshot.rs
expression: "zizmor().input(input_under_test(\"cache-poisoning/caching-not-configurable.yml\")).run()?"
---
error[cache-poisoning]: runtime artifacts potentially vulnerable to a cache poisoning attack
  --> @@INPUT@@:1:1
   |
 1 | / on:
 2 | |   push:
 3 | |     tags:
 4 | |       - "**"
   | |____________^ generally used when publishing artifacts generated at runtime
 5 |
...
17 |         - name: Setup CI caching
18 |           uses: Mozilla-Actions/sccache-action@054db53350805f83040bf3e6e9b8cf5a139aa7c9
   |           ^^^^^^^^^^^^^^^^^^^^^^^^^^^^^^^^^^^^^^^^^^^^^^^^^^^^^^^^^^^^^^^^^^^^^^^^^^^^^ caching always restored here
   |
   = note: audit confidence â†’ Low

2 findings (1 suppressed): 0 unknown, 0 informational, 0 low, 0 medium, 1 high
