---
source: crates/zizmor/tests/integration/e2e.rs
expression: "zizmor().expects_failure(true).input(input_under_test(&format!(\"invalid/{workflow_tc}.yml\"))).args([\"--strict-collection\"]).run()?"
---
fatal: no audit was performed
failed to load input as Action

Caused by:
    0: failed to load action from file://@@INPUT@@
    1: input does not match expected validation schema
    2: null is not of type "object"
