---
source: crates/zizmor/tests/integration/snapshot.rs
expression: "zizmor().input(input_under_test(\"excessive-permissions/issue-472-repro.yml\")).run()?"
---
warning[excessive-permissions]: overly broad permissions
  --> @@INPUT@@:20:3
   |
20 | /   job2:
21 | |     name: job2
...  |
24 | |     # is reusable-only
25 | |     uses: ./.github/workflows/fake.yml
   | |                                       -
   | |_______________________________________|
   |                                         this job
   |                                         default permissions used due to no permissions: block
   |
   = note: audit confidence â†’ Medium

3 findings (2 suppressed): 0 unknown, 0 informational, 0 low, 1 medium, 0 high
