---
source: crates/zizmor/tests/integration/snapshot.rs
expression: "zizmor().input(input_under_test(\"ref-confusion/issue-518-repro.yml\")).offline(false).run()?"
---
error[unpinned-uses]: unpinned action reference
  --> @@INPUT@@:13:9
   |
13 |         uses: arduino/setup-task@v2
   |         ^^^^^^^^^^^^^^^^^^^^^^^^^^^ action is not pinned to a hash (required by blanket policy)
   |
   = note: audit confidence â†’ High

1 finding: 0 unknown, 0 informational, 0 low, 0 medium, 1 high
