---
source: crates/zizmor/tests/integration/snapshot.rs
expression: "zizmor().config(input_under_test(\"unpinned-uses/configs/hash-pin-everything.yml\")).input(input_under_test(\"unpinned-uses/menagerie-of-uses.yml\")).run()?"
---
error[unpinned-uses]: unpinned action reference
  --> @@INPUT@@:12:9
   |
12 |       - uses: actions/setup-python@v4
   |         ^^^^^^^^^^^^^^^^^^^^^^^^^^^^^ action is not pinned to a hash (required by blanket policy)
   |
   = note: audit confidence → High

error[unpinned-uses]: unpinned action reference
  --> @@INPUT@@:14:9
   |
14 |       - uses: actions/checkout
   |         ^^^^^^^^^^^^^^^^^^^^^^ action is not pinned to a hash (required by blanket policy)
   |
   = note: audit confidence → High

error[unpinned-uses]: unpinned action reference
  --> @@INPUT@@:18:9
   |
18 |       - uses: actions/checkout@v3
   |         ^^^^^^^^^^^^^^^^^^^^^^^^^ action is not pinned to a hash (required by blanket policy)
   |
   = note: audit confidence → High

error[unpinned-uses]: unpinned action reference
  --> @@INPUT@@:26:9
   |
26 |       - uses: pypa/gh-action-pypi-publish@release/v1
   |         ^^^^^^^^^^^^^^^^^^^^^^^^^^^^^^^^^^^^^^^^^^^^ action is not pinned to a hash (required by blanket policy)
   |
   = note: audit confidence → High

error[unpinned-uses]: unpinned action reference
  --> @@INPUT@@:28:9
   |
28 |       - uses: github/codeql-action/init@v3
   |         ^^^^^^^^^^^^^^^^^^^^^^^^^^^^^^^^^^ action is not pinned to a hash (required by blanket policy)
   |
   = note: audit confidence → High

error[unpinned-uses]: unpinned action reference
  --> @@INPUT@@:30:9
   |
30 |       - uses: github/codeql-action/upload-sarif@v3
   |         ^^^^^^^^^^^^^^^^^^^^^^^^^^^^^^^^^^^^^^^^^^ action is not pinned to a hash (required by blanket policy)
   |
   = note: audit confidence → High

6 findings: 0 unknown, 0 informational, 0 low, 0 medium, 6 high
