---
source: crates/zizmor/tests/integration/e2e.rs
expression: "zizmor().expects_failure(false).output(OutputMode::Both).working_dir(input_under_test(\"e2e-menagerie/dummy-action-1\")).input(\"action.yaml\").run()?"
---
ðŸŒˆ zizmor v@@VERSION@@
 INFO audit: zizmor: ðŸŒˆ completed @@INPUT@@
No findings to report. Good job!
