---
source: crates/zizmor/tests/integration/snapshot.rs
expression: "zizmor().input(input_under_test(\"artipacked/issue-447-repro.yml\")).args([\"--persona=auditor\"]).run()?"
---
warning[artipacked]: credential persistence through GitHub Actions artifacts
  --> @@INPUT@@:20:9
   |
20 |         - name: true-positive
   |  _________-
21 | |         uses: actions/checkout@11bd71901bbe5b1630ceea73d27597364c9af683 # v4.2.2
22 | |         with:
23 | |           # finding in auditor mode only
24 | |           persist-credentials: "true"
   | |______________________________________- does not set persist-credentials: false
   |
   = note: audit confidence â†’ Low

1 finding: 0 unknown, 0 informational, 0 low, 1 medium, 0 high
