---
source: crates/zizmor/tests/integration/snapshot.rs
expression: "zizmor().input(input_under_test(\"obfuscation/issue-1177-repro.yml\")).args([\"--persona=pedantic\"]).run()?"
---
No findings to report. Good job!
