---
source: crates/zizmor/tests/integration/snapshot.rs
expression: "zizmor().input(input_under_test(\"template-injection/issue-418-repro.yml\")).run()?"
---
No findings to report. Good job! (1 suppressed)
