---
source: crates/zizmor/tests/integration/config.rs
expression: "zizmor().input(input_under_test(\"config-scenarios/config-in-root\")).setenv(\"RUST_LOG\",\n\"zizmor::config=debug\").output(OutputMode::Both).run()?"
snapshot_kind: text
---
DEBUG zizmor::config: discovering config for local input `@@INPUT@@`
DEBUG zizmor::config: attempting config discovery in `@@INPUT@@`
DEBUG zizmor::config: found config candidate at `@@INPUT@@/zizmor.yml`
No findings to report. Good job! (1 ignored, 1 suppressed)
