---
source: crates/zizmor/tests/integration/e2e.rs
expression: "zizmor().expects_failure(true).input(input_under_test(&format!(\"invalid/{workflow_tc}.yml\"))).args([\"--strict-collection\"]).run()?"
---
fatal: no audit was performed
failed to load file://@@INPUT@@ as workflow

Caused by:
    0: input does not match expected validation schema
    1: "lol" is not of type "object"
