---
source: crates/zizmor/tests/integration/snapshot.rs
assertion_line: 109
expression: "zizmor().input(input_under_test(\"self-hosted.yml\")).run()?"
---
No findings to report. Good job! (1 suppressed)
