---
source: crates/zizmor/tests/integration/snapshot.rs
expression: "zizmor().input(input_under_test(\"self-hosted/self-hosted-runner-label.yml\")).args([\"--persona=auditor\"]).run()?"
---
note[self-hosted-runner]: runs on a self-hosted runner
  --> @@INPUT@@:11:5
   |
11 |     runs-on: [self-hosted, linux, arm64]
   |     ------------------------------------ note: self-hosted runner used here
   |
   = note: audit confidence â†’ High

1 finding: 1 unknown, 0 informational, 0 low, 0 medium, 0 high
